node.exe : [33mThe CJS build of Vite's Node API is deprecated. See https://vite.dev/guide/troubleshooting.html#vite-cj
s-node-api-deprecated for more details.[39m
所在位置 行:1 字符: 1
+ & "D:\nodejs/node.exe" "D:\nodejs/node_modules/npm/bin/npx-cli.js" vi ...
+ ~~~~~~~~~~~~~~~~~~~~~~~~~~~~~~~~~~~~~~~~~~~~~~~~~~~~~~~~~~~~~~~~~~~~~
    + CategoryInfo          : NotSpecified: ([33mThe CJS bu...e details.[39m:String) [], RemoteException
    + FullyQualifiedErrorId : NativeCommandError
 
[36mvite v5.4.11 [32mbuilding for production...[36m[39m
transforming...
[1m[33m[plugin:vite:esbuild][39m[22m [33m[plugin vite:esbuild] src/pages/critical/CriticalValueModals.tsx: [33mDu
plicate key "borderBottom" in object literal[33m
342|                <button key={sec.key} role="tab" aria-selected={active} tabIndex={active ? 0 : -1}
343|                  onClick={() => setActiveSection(sec.key as typeof activeSection)}
344|                  style={{ flex: 1, padding: '12px 16px', textAlign: 'center', cursor: 'pointer', borderBottom: act
ive ? '2px solid #1e3a5f' : '2px solid transparent', background: active ? '#fff' : 'transparent', display: 'flex', alig
nItems: 'center', justifyContent: 'center', gap: 8, border: 'none', borderBottom: active ? '2px solid #1e3a5f' : '2px s
olid transparent' }}>
   |                                                                                                                   
                                                                                                                       
                                                                    ^
345|                  <Icon size={16} style={{ color: active ? '#1e3a5f' : '#94a3b8' }} />
346|                  <span style={{ fontSize: 13, fontWeight: active ? 700 : 500, color: active ? '#1e3a5f' : '#94a3b8
' }}>{sec.label}</span>
[39m
[1m[33m[plugin:vite:resolve][39m[22m [33m[plugin vite:resolve] Module "fs" has been externalized for browser compa
tibility, imported by "E:/opencode work/FS 3X/G005-RISv-3.0.0/node_modules/.pnpm/@cornerstonejs+codec-openjpeg@1.3.0/no
de_modules/@cornerstonejs/codec-openjpeg/dist/openjpegwasm_decode.js". See https://vite.dev/guide/troubleshooting.html#
module-externalized-for-browser-compatibility for more details.[39m
[1m[33m[plugin:vite:resolve][39m[22m [33m[plugin vite:resolve] Module "path" has been externalized for browser com
patibility, imported by "E:/opencode work/FS 3X/G005-RISv-3.0.0/node_modules/.pnpm/@cornerstonejs+codec-openjpeg@1.3.0/
node_modules/@cornerstonejs/codec-openjpeg/dist/openjpegwasm_decode.js". See https://vite.dev/guide/troubleshooting.htm
l#module-externalized-for-browser-compatibility for more details.[39m
[1m[33m[plugin:vite:resolve][39m[22m [33m[plugin vite:resolve] Module "fs" has been externalized for browser compa
tibility, imported by "E:/opencode work/FS 3X/G005-RISv-3.0.0/node_modules/.pnpm/@cornerstonejs+codec-charls@1.2.3/node
_modules/@cornerstonejs/codec-charls/dist/charlswasm_decode.js". See https://vite.dev/guide/troubleshooting.html#module
-externalized-for-browser-compatibility for more details.[39m
[1m[33m[plugin:vite:resolve][39m[22m [33m[plugin vite:resolve] Module "path" has been externalized for browser com
patibility, imported by "E:/opencode work/FS 3X/G005-RISv-3.0.0/node_modules/.pnpm/@cornerstonejs+codec-charls@1.2.3/no
de_modules/@cornerstonejs/codec-charls/dist/charlswasm_decode.js". See https://vite.dev/guide/troubleshooting.html#modu
le-externalized-for-browser-compatibility for more details.[39m
[1m[33m[plugin:vite:resolve][39m[22m [33m[plugin vite:resolve] Module "fs" has been externalized for browser compa
tibility, imported by "E:/opencode work/FS 3X/G005-RISv-3.0.0/node_modules/.pnpm/@cornerstonejs+codec-libjpeg-turbo-8bi
t@1.2.2/node_modules/@cornerstonejs/codec-libjpeg-turbo-8bit/dist/libjpegturbowasm_decode.js". See https://vite.dev/gui
de/troubleshooting.html#module-externalized-for-browser-compatibility for more details.[39m
[1m[33m[plugin:vite:resolve][39m[22m [33m[plugin vite:resolve] Module "path" has been externalized for browser com
patibility, imported by "E:/opencode work/FS 3X/G005-RISv-3.0.0/node_modules/.pnpm/@cornerstonejs+codec-libjpeg-turbo-8
bit@1.2.2/node_modules/@cornerstonejs/codec-libjpeg-turbo-8bit/dist/libjpegturbowasm_decode.js". See https://vite.dev/g
uide/troubleshooting.html#module-externalized-for-browser-compatibility for more details.[39m
[1m[33m[plugin:vite:resolve][39m[22m [33m[plugin vite:resolve] Module "fs" has been externalized for browser compa
tibility, imported by "E:/opencode work/FS 3X/G005-RISv-3.0.0/node_modules/.pnpm/@cornerstonejs+codec-openjph@2.4.7/nod
e_modules/@cornerstonejs/codec-openjph/dist/openjphjs.js". See https://vite.dev/guide/troubleshooting.html#module-exter
nalized-for-browser-compatibility for more details.[39m
[1m[33m[plugin:vite:resolve][39m[22m [33m[plugin vite:resolve] Module "path" has been externalized for browser com
patibility, imported by "E:/opencode work/FS 3X/G005-RISv-3.0.0/node_modules/.pnpm/@cornerstonejs+codec-openjph@2.4.7/n
ode_modules/@cornerstonejs/codec-openjph/dist/openjphjs.js". See https://vite.dev/guide/troubleshooting.html#module-ext
ernalized-for-browser-compatibility for more details.[39m
[1m[33m[plugin:vite:resolve][39m[22m [33m[plugin vite:resolve] Module "fs" has been externalized for browser compa
tibility, imported by "E:/opencode work/FS 3X/G005-RISv-3.0.0/node_modules/.pnpm/@cornerstonejs+codec-libjpeg-turbo-8bi
t@1.2.2/node_modules/@cornerstonejs/codec-libjpeg-turbo-8bit/dist/libjpegturbowasm_decode.js". See https://vite.dev/gui
de/troubleshooting.html#module-externalized-for-browser-compatibility for more details.[39m
[1m[33m[plugin:vite:resolve][39m[22m [33m[plugin vite:resolve] Module "path" has been externalized for browser com
patibility, imported by "E:/opencode work/FS 3X/G005-RISv-3.0.0/node_modules/.pnpm/@cornerstonejs+codec-libjpeg-turbo-8
bit@1.2.2/node_modules/@cornerstonejs/codec-libjpeg-turbo-8bit/dist/libjpegturbowasm_decode.js". See https://vite.dev/g
uide/troubleshooting.html#module-externalized-for-browser-compatibility for more details.[39m
[1m[33m[plugin:vite:resolve][39m[22m [33m[plugin vite:resolve] Module "fs" has been externalized for browser compa
tibility, imported by "E:/opencode work/FS 3X/G005-RISv-3.0.0/node_modules/.pnpm/@cornerstonejs+codec-charls@1.2.3/node
_modules/@cornerstonejs/codec-charls/dist/charlswasm_decode.js". See https://vite.dev/guide/troubleshooting.html#module
-externalized-for-browser-compatibility for more details.[39m
[1m[33m[plugin:vite:resolve][39m[22m [33m[plugin vite:resolve] Module "path" has been externalized for browser com
patibility, imported by "E:/opencode work/FS 3X/G005-RISv-3.0.0/node_modules/.pnpm/@cornerstonejs+codec-charls@1.2.3/no
de_modules/@cornerstonejs/codec-charls/dist/charlswasm_decode.js". See https://vite.dev/guide/troubleshooting.html#modu
le-externalized-for-browser-compatibility for more details.[39m
[1m[33m[plugin:vite:resolve][39m[22m [33m[plugin vite:resolve] Module "fs" has been externalized for browser compa
tibility, imported by "E:/opencode work/FS 3X/G005-RISv-3.0.0/node_modules/.pnpm/@cornerstonejs+codec-openjpeg@1.3.0/no
de_modules/@cornerstonejs/codec-openjpeg/dist/openjpegwasm_decode.js". See https://vite.dev/guide/troubleshooting.html#
module-externalized-for-browser-compatibility for more details.[39m
[1m[33m[plugin:vite:resolve][39m[22m [33m[plugin vite:resolve] Module "path" has been externalized for browser com
patibility, imported by "E:/opencode work/FS 3X/G005-RISv-3.0.0/node_modules/.pnpm/@cornerstonejs+codec-openjpeg@1.3.0/
node_modules/@cornerstonejs/codec-openjpeg/dist/openjpegwasm_decode.js". See https://vite.dev/guide/troubleshooting.htm
l#module-externalized-for-browser-compatibility for more details.[39m
[1m[33m[plugin:vite:resolve][39m[22m [33m[plugin vite:resolve] Module "fs" has been externalized for browser compa
tibility, imported by "E:/opencode work/FS 3X/G005-RISv-3.0.0/node_modules/.pnpm/@cornerstonejs+codec-openjph@2.4.7/nod
e_modules/@cornerstonejs/codec-openjph/dist/openjphjs.js". See https://vite.dev/guide/troubleshooting.html#module-exter
nalized-for-browser-compatibility for more details.[39m
[1m[33m[plugin:vite:resolve][39m[22m [33m[plugin vite:resolve] Module "path" has been externalized for browser com
patibility, imported by "E:/opencode work/FS 3X/G005-RISv-3.0.0/node_modules/.pnpm/@cornerstonejs+codec-openjph@2.4.7/n
ode_modules/@cornerstonejs/codec-openjph/dist/openjphjs.js". See https://vite.dev/guide/troubleshooting.html#module-ext
ernalized-for-browser-compatibility for more details.[39m
[32m鉁?[39m 9508 modules transformed.
Circular chunk: antd-icons-vendor -> antd-vendor -> antd-icons-vendor. Please adjust the manual chunk logic for these c
hunks.
rendering chunks...
[1m[33m[plugin:vite:reporter][39m[22m [33m[plugin vite:reporter] 
(!) E:/opencode work/FS 3X/G005-RISv-3.0.0/src/services/writing/writingService.ts is dynamically imported by E:/opencod
e work/FS 3X/G005-RISv-3.0.0/src/pages/ReportWritePage.tsx but also statically imported by E:/opencode work/FS 3X/G005-
RISv-3.0.0/src/components/report/v3/R3.WRITING/AIDraftPanel.tsx, E:/opencode work/FS 3X/G005-RISv-3.0.0/src/components/
report/v3/R3.WRITING/ImageAnchor.tsx, E:/opencode work/FS 3X/G005-RISv-3.0.0/src/components/report/v3/R3.WRITING/Report
RichEditor.tsx, E:/opencode work/FS 3X/G005-RISv-3.0.0/src/components/report/v3/R3.WRITING/StructuredFieldForm.tsx, E:/
opencode work/FS 3X/G005-RISv-3.0.0/src/components/report/v3/R3.WRITING/VoiceDictation.tsx, dynamic import will not mov
e module into another chunk.
[39m
[1m[33m[plugin:vite:reporter][39m[22m [33m[plugin vite:reporter] 
(!) E:/opencode work/FS 3X/G005-RISv-3.0.0/src/services/review/reviewService.ts is dynamically imported by E:/opencode 
work/FS 3X/G005-RISv-3.0.0/src/components/report/v3/R3.REVIEW/FinalCheckList.tsx but also statically imported by E:/ope
ncode work/FS 3X/G005-RISv-3.0.0/src/components/report/v3/R3.REVIEW/InitialCheckList.tsx, E:/opencode work/FS 3X/G005-R
ISv-3.0.0/src/components/report/v3/R3.REVIEW/RejectTemplateModal.tsx, E:/opencode work/FS 3X/G005-RISv-3.0.0/src/compon
ents/report/v3/R3.REVIEW/ReviewAIHint.tsx, E:/opencode work/FS 3X/G005-RISv-3.0.0/src/components/report/v3/R3.REVIEW/Re
viewCommentThread.tsx, E:/opencode work/FS 3X/G005-RISv-3.0.0/src/components/report/v3/R3.REVIEW/ReviewHistory.tsx, E:/
opencode work/FS 3X/G005-RISv-3.0.0/src/components/report/v3/R3.REVIEW/ReviewSLA.tsx, E:/opencode work/FS 3X/G005-RISv-
3.0.0/src/components/report/v3/R3.REVIEW/ReviewWorkloadStats.tsx, E:/opencode work/FS 3X/G005-RISv-3.0.0/src/components
/report/v3/R3.REVIEW/ReviewerAssignment.tsx, E:/opencode work/FS 3X/G005-RISv-3.0.0/src/pages/ReviewCenterPage.tsx, dyn
amic import will not move module into another chunk.
[39m
[1m[33m[plugin:vite:reporter][39m[22m [33m[plugin vite:reporter] 
(!) E:/opencode work/FS 3X/G005-RISv-3.0.0/src/observability/sentry.ts is dynamically imported by E:/opencode work/FS 3
X/G005-RISv-3.0.0/src/observability/webVitals.ts but also statically imported by E:/opencode work/FS 3X/G005-RISv-3.0.0
/src/components/Provider.tsx, E:/opencode work/FS 3X/G005-RISv-3.0.0/src/main.tsx, dynamic import will not move module 
into another chunk.
[39m
[1m[33m[plugin:vite:reporter][39m[22m [33m[plugin vite:reporter] 
(!) E:/opencode work/FS 3X/G005-RISv-3.0.0/src/pages/LoginPage.tsx is dynamically imported by E:/opencode work/FS 3X/G0
05-RISv-3.0.0/src/routes/routeTable.tsx but also statically imported by E:/opencode work/FS 3X/G005-RISv-3.0.0/src/App.
tsx, dynamic import will not move module into another chunk.
[39m
[1m[33m[plugin:vite:reporter][39m[22m [33m[plugin vite:reporter] 
(!) E:/opencode work/FS 3X/G005-RISv-3.0.0/src/pages/ForbiddenPage.tsx is dynamically imported by E:/opencode work/FS 3
X/G005-RISv-3.0.0/src/routes/routeTable.tsx but also statically imported by E:/opencode work/FS 3X/G005-RISv-3.0.0/src/
App.tsx, dynamic import will not move module into another chunk.
[39m
[Build] Version stamp v3.0.0 applied
computing gzip size...
[2mdist/[22m[32mregisterSW.js                                        [39m[1m[2m     0.13 kB[22m[1m[22m
[2mdist/[22m[32mmanifest.webmanifest                                 [39m[1m[2m     0.43 kB[22m[1m[22m
[2mdist/[22m[32mindex.html                                           [39m[1m[2m     4.52 kB[22m[1m[22m[2m 鈹?gzip:   2.01 kB[22m
[2mdist/[22m[32massets/jpeg-CO8-0MnU.js                              [39m[1m[2m    10.52 kB[22m[1m[22m
[2mdist/[22m[32massets/charlswasm_decode-484ovEoR.wasm               [39m[1m[2m   145.70 kB[22m[1m[22m
[2mdist/[22m[32massets/decodeImageFrameWorker-CkdfmvgI.js            [39m[1m[2m   148.88 kB[22m[1m[22m
[2mdist/[22m[32massets/libjpegturbowasm_decode-daqMmuVl.wasm         [39m[1m[2m   178.74 kB[22m[1m[22m
[2mdist/[22m[32massets/computeWorker-CPaRg0Ye.js                     [39m[1m[2m   197.72 kB[22m[1m[22m
[2mdist/[22m[32massets/openjpegwasm_decode-B3gWTHpv.wasm             [39m[1m[2m   255.49 kB[22m[1m[22m
[2mdist/[22m[32massets/openjphjs-C-BUUy4a.wasm                       [39m[1m[2m 2,094.92 kB[22m[1m[22m
[2mdist/[22m[32massets/ort-wasm-simd-threaded.jsep-DC5y_g6C.wasm     [39m[1m[2m26,827.54 kB[22m[1m[22m
[2mdist/[22m[35massets/index-BHtVa91y.css                            [39m[1m[2m    17.65 kB[22m[1m[22m[2m 鈹?gzip:   4.57 kB[22m
[2mdist/[22m[36massets/snomedApi-DLHDppkq.js                         [39m[1m[2m     0.17 kB[22m[1m[22m[2m 鈹?gzip:   0.16 kB[22m
[2mdist/[22m[36massets/radiomicsApi-8zg3Tk_T.js                      [39m[1m[2m     0.22 kB[22m[1m[22m[2m 鈹?gzip:   0.18 kB[22m
[2mdist/[22m[36massets/index-D3NWXB91.js                             [39m[1m[2m     0.23 kB[22m[1m[22m[2m 鈹?gzip:   0.18 kB[22m
[2mdist/[22m[36massets/constants-rYStbRDL.js                         [39m[1m[2m     0.23 kB[22m[1m[22m[2m 鈹?gzip:   0.22 kB[22m
[2mdist/[22m[36massets/PermissionGate-KK8K5tqb.js                    [39m[1m[2m     0.28 kB[22m[1m[22m[2m 鈹?gzip:   0.20 kB[22m
[2mdist/[22m[36massets/userApi-CG2PjQtK.js                           [39m[1m[2m     0.30 kB[22m[1m[22m[2m 鈹?gzip:   0.21 kB[22m
[2mdist/[22m[36massets/termApi-Mr9lX6D8.js                           [39m[1m[2m     0.32 kB[22m[1m[22m[2m 鈹?gzip:   0.23 kB[22m
[2mdist/[22m[36massets/templatesApi-D8Jn04iq.js                      [39m[1m[2m     0.39 kB[22m[1m[22m[2m 鈹?gzip:   0.26 kB[22m
[2mdist/[22m[36massets/EyeLateralityBadge-Dx4CyKo3.js                [39m[1m[2m     0.44 kB[22m[1m[22m[2m 鈹?gzip:   0.34 kB[22m
[2mdist/[22m[36massets/simulationStore-Cbg0oJsB.js                   [39m[1m[2m     0.46 kB[22m[1m[22m[2m 鈹?gzip:   0.42 kB[22m
[2mdist/[22m[36massets/useRBAC-sKhjYVzu.js                           [39m[1m[2m     0.47 kB[22m[1m[22m[2m 鈹?gzip:   0.35 kB[22m
[2mdist/[22m[36massets/statsApi-6IgMJWq3.js                          [39m[1m[2m     0.53 kB[22m[1m[22m[2m 鈹?gzip:   0.26 kB[22m
[2mdist/[22m[36massets/consultationApi-CvpsWQhl.js                   [39m[1m[2m     0.53 kB[22m[1m[22m[2m 鈹?gzip:   0.27 kB[22m
[2mdist/[22m[36massets/kpiThresholds-CY5a5DYc.js                     [39m[1m[2m     0.53 kB[22m[1m[22m[2m 鈹?gzip:   0.35 kB[22m
[2mdist/[22m[36massets/DentalTreatmentPage-p7HM9Vl_.js               [39m[1m[2m     0.53 kB[22m[1m[22m[2m 鈹?gzip:   0.39 kB[22m
[2mdist/[22m[36massets/deviceApi-BXnLTk4L.js                         [39m[1m[2m     0.61 kB[22m[1m[22m[2m 鈹?gzip:   0.30 kB[22m
[2mdist/[22m[36massets/patientPortalApi-toi2R9sl.js                  [39m[1m[2m     0.64 kB[22m[1m[22m[2m 鈹?gzip:   0.24 kB[22m
[2mdist/[22m[36massets/cdsApi-BgMzPSRu.js                            [39m[1m[2m     0.65 kB[22m[1m[22m[2m 鈹?gzip:   0.31 kB[22m
[2mdist/[22m[36massets/qcextApi-DhYEg2Hd.js                          [39m[1m[2m     0.70 kB[22m[1m[22m[2m 鈹?gzip:   0.29 kB[22m
[2mdist/[22m[36massets/PageContainer-NAAlSeW4.js                     [39m[1m[2m     0.77 kB[22m[1m[22m[2m 鈹?gzip:   0.50 kB[22m
[2mdist/[22m[36massets/findingsLexicon-CrAQVhtp.js                   [39m[1m[2m     0.81 kB[22m[1m[22m[2m 鈹?gzip:   0.35 kB[22m
[2mdist/[22m[36massets/notificationTemplateDictApi-D66yKikP.js       [39m[1m[2m     0.81 kB[22m[1m[22m[2m 鈹?gzip:   0.35 kB[22m
[2mdist/[22m[36massets/systemApi-CkwwM0iC.js                         [39m[1m[2m     0.85 kB[22m[1m[22m[2m 鈹?gzip:   0.36 kB[22m
[2mdist/[22m[36massets/DentalOrthoPage-BbkzOqHL.js                   [39m[1m[2m     0.89 kB[22m[1m[22m[2m 鈹?gzip:   0.60 kB[22m
[2mdist/[22m[36massets/patientApi-DIBs_lG2.js                        [39m[1m[2m     0.89 kB[22m[1m[22m[2m 鈹?gzip:   0.36 kB[22m
[2mdist/[22m[36massets/reportApi-2XLLCOnn.js                         [39m[1m[2m     0.91 kB[22m[1m[22m[2m 鈹?gzip:   0.46 kB[22m
[2mdist/[22m[36massets/financeApi-B8AbnitF.js                        [39m[1m[2m     0.92 kB[22m[1m[22m[2m 鈹?gzip:   0.34 kB[22m
[2mdist/[22m[36massets/modalityPresets-BoKbzdxe.js                   [39m[1m[2m     0.98 kB[22m[1m[22m[2m 鈹?gzip:   0.52 kB[22m
[2mdist/[22m[36massets/reportTemplates-D76DGvG_.js                   [39m[1m[2m     1.01 kB[22m[1m[22m[2m 鈹?gzip:   0.42 kB[22m
[2mdist/[22m[36massets/ErrorBanner-C018oI3b.js                       [39m[1m[2m     1.03 kB[22m[1m[22m[2m 鈹?gzip:   0.59 kB[22m
[2mdist/[22m[36massets/examApi-vRzs9cQ8.js                           [39m[1m[2m     1.04 kB[22m[1m[22m[2m 鈹?gzip:   0.34 kB[22m
[2mdist/[22m[36massets/DentalWorkspacePage-CFfyNzqF.js               [39m[1m[2m     1.11 kB[22m[1m[22m[2m 鈹?gzip:   0.60 kB[22m
[2mdist/[22m[36massets/aiModels-B2a5q9il.js                          [39m[1m[2m     1.12 kB[22m[1m[22m[2m 鈹?gzip:   0.55 kB[22m
[2mdist/[22m[36massets/ViewerSelector-DHNR5jUu.js                    [39m[1m[2m     1.12 kB[22m[1m[22m[2m 鈹?gzip:   0.61 kB[22m
[2mdist/[22m[36massets/reportQualityApi-DQN9X2SG.js                  [39m[1m[2m     1.28 kB[22m[1m[22m[2m 鈹?gzip:   0.39 kB[22m
[2mdist/[22m[36massets/dicomWeb-OW6YH7C_.js                          [39m[1m[2m     1.28 kB[22m[1m[22m[2m 鈹?gzip:   0.49 kB[22m
[2mdist/[22m[36massets/iolFormulas-VpZ0t1to.js                       [39m[1m[2m     1.33 kB[22m[1m[22m[2m 鈹?gzip:   0.48 kB[22m
[2mdist/[22m[36massets/CriticalValueAlert-B2J-QpcC.js                [39m[1m[2m     1.40 kB[22m[1m[22m[2m 鈹?gzip:   0.70 kB[22m
[2mdist/[22m[36massets/DentalTelePage-BXlYWuBG.js                    [39m[1m[2m     1.75 kB[22m[1m[22m[2m 鈹?gzip:   1.01 kB[22m
[2mdist/[22m[36massets/workflowApi-CX06_f9t.js                       [39m[1m[2m     1.76 kB[22m[1m[22m[2m 鈹?gzip:   0.39 kB[22m
[2mdist/[22m[36massets/imagingDevices-BnhUO3C9.js                    [39m[1m[2m     1.78 kB[22m[1m[22m[2m 鈹?gzip:   0.49 kB[22m
[2mdist/[22m[36massets/reviewApi-CgOTCs4C.js                         [39m[1m[2m     1.79 kB[22m[1m[22m[2m 鈹?gzip:   0.47 kB[22m
[2mdist/[22m[36massets/TenantConfigPage-Dbu8JNmx.js                  [39m[1m[2m     1.85 kB[22m[1m[22m[2m 鈹?gzip:   1.01 kB[22m
[2mdist/[22m[36massets/fhirApi-CzdNyUi1.js                           [39m[1m[2m     1.92 kB[22m[1m[22m[2m 鈹?gzip:   0.52 kB[22m
[2mdist/[22m[36massets/AppButton-Dx9FyYgK.js                         [39m[1m[2m     2.04 kB[22m[1m[22m[2m 鈹?gzip:   0.95 kB[22m
[2mdist/[22m[36massets/AiDiagnosisCard-DKlxKk5g.js                   [39m[1m[2m     2.10 kB[22m[1m[22m[2m 鈹?gzip:   1.01 kB[22m
[2mdist/[22m[36massets/PageHeader-B0D2a3M9.js                        [39m[1m[2m     2.16 kB[22m[1m[22m[2m 鈹?gzip:   0.78 kB[22m
[2mdist/[22m[36massets/DentalSurgeryPage-DLtaG0oH.js                 [39m[1m[2m     2.17 kB[22m[1m[22m[2m 鈹?gzip:   1.27 kB[22m
[2mdist/[22m[36massets/DentalPediatricPage-BRXql7EF.js               [39m[1m[2m     2.21 kB[22m[1m[22m[2m 鈹?gzip:   1.32 kB[22m
[2mdist/[22m[36massets/DentalPerioPage-0ptB0bIV.js                   [39m[1m[2m     2.23 kB[22m[1m[22m[2m 鈹?gzip:   1.28 kB[22m
[2mdist/[22m[36massets/DentalEndoPage-CW8My3vB.js                    [39m[1m[2m     2.27 kB[22m[1m[22m[2m 鈹?gzip:   1.28 kB[22m
[2mdist/[22m[36massets/DentalDashboardPage-DIpDL0D0.js               [39m[1m[2m     2.29 kB[22m[1m[22m[2m 鈹?gzip:   1.11 kB[22m
[2mdist/[22m[36massets/DentalShared-BhFsQrdJ.js                      [39m[1m[2m     2.30 kB[22m[1m[22m[2m 鈹?gzip:   1.25 kB[22m
[2mdist/[22m[36massets/StickyActionBar-CqS69lO8.js                   [39m[1m[2m     2.34 kB[22m[1m[22m[2m 鈹?gzip:   1.05 kB[22m
[2mdist/[22m[36massets/OctViewerPage-DyNRKfyt.js                     [39m[1m[2m     2.38 kB[22m[1m[22m[2m 鈹?gzip:   1.20 kB[22m
[2mdist/[22m[36massets/integrationApi-DqPE4T6V.js                    [39m[1m[2m     2.38 kB[22m[1m[22m[2m 鈹?gzip:   0.84 kB[22m
[2mdist/[22m[36massets/DimseUploadPage-Bz5pHT7b.js                   [39m[1m[2m     2.40 kB[22m[1m[22m[2m 鈹?gzip:   1.30 kB[22m
[2mdist/[22m[36massets/BackupPage-D6Cec2Wd.js                        [39m[1m[2m     2.46 kB[22m[1m[22m[2m 鈹?gzip:   1.33 kB[22m
[2mdist/[22m[36massets/dicomApi-XSNNSdOo.js                          [39m[1m[2m     2.49 kB[22m[1m[22m[2m 鈹?gzip:   0.93 kB[22m
[2mdist/[22m[36massets/StatCard-B-2EzDQI.js                          [39m[1m[2m     2.49 kB[22m[1m[22m[2m 鈹?gzip:   1.15 kB[22m
[2mdist/[22m[36massets/DentalAIPage-CV392zwu.js                      [39m[1m[2m     2.54 kB[22m[1m[22m[2m 鈹?gzip:   1.31 kB[22m
[2mdist/[22m[36massets/DentalRestorativePage-tlyApbKa.js             [39m[1m[2m     2.58 kB[22m[1m[22m[2m 鈹?gzip:   1.45 kB[22m
[2mdist/[22m[36massets/AuditPage-FEyR0V3U.js                         [39m[1m[2m     2.60 kB[22m[1m[22m[2m 鈹?gzip:   1.34 kB[22m
[2mdist/[22m[36massets/IheIntegrationPage-CibR-0fL.js                [39m[1m[2m     2.65 kB[22m[1m[22m[2m 鈹?gzip:   1.14 kB[22m
[2mdist/[22m[36massets/PatientPortalPage-D3nkjFXp.js                 [39m[1m[2m     2.67 kB[22m[1m[22m[2m 鈹?gzip:   1.27 kB[22m
[2mdist/[22m[36massets/MontagePage-CcZqlgWW.js                       [39m[1m[2m     2.75 kB[22m[1m[22m[2m 鈹?gzip:   1.24 kB[22m
[2mdist/[22m[36massets/Scan3DViewerPage-D1CMk9Ii.js                  [39m[1m[2m     2.78 kB[22m[1m[22m[2m 鈹?gzip:   1.42 kB[22m
[2mdist/[22m[36massets/OctAngiographyPage-DgvBfdhD.js                [39m[1m[2m     2.78 kB[22m[1m[22m[2m 鈹?gzip:   1.32 kB[22m
[2mdist/[22m[36massets/ProTable-D0bXunHJ.js                          [39m[1m[2m     2.87 kB[22m[1m[22m[2m 鈹?gzip:   1.35 kB[22m
[2mdist/[22m[36massets/PacsStudyListPage-C1jXt8xy.js                 [39m[1m[2m     2.90 kB[22m[1m[22m[2m 鈹?gzip:   1.74 kB[22m
[2mdist/[22m[36massets/FfaViewerPage-BJCqV4QK.js                     [39m[1m[2m     2.91 kB[22m[1m[22m[2m 鈹?gzip:   1.56 kB[22m
[2mdist/[22m[36massets/TopographyPage-DTlaG-6z.js                    [39m[1m[2m     2.97 kB[22m[1m[22m[2m 鈹?gzip:   1.39 kB[22m
[2mdist/[22m[36massets/ToothChartPage-ky12UmMJ.js                    [39m[1m[2m     2.98 kB[22m[1m[22m[2m 鈹?gzip:   1.50 kB[22m
[2mdist/[22m[36massets/PacsViewerPage-C8iUk_Ek.js                    [39m[1m[2m     3.09 kB[22m[1m[22m[2m 鈹?gzip:   1.61 kB[22m
[2mdist/[22m[36massets/DicomSharePage-BirFMz1s.js                    [39m[1m[2m     3.14 kB[22m[1m[22m[2m 鈹?gzip:   1.38 kB[22m
[2mdist/[22m[36massets/v3Api-BATDLg7d.js                             [39m[1m[2m     3.16 kB[22m[1m[22m[2m 鈹?gzip:   0.89 kB[22m
[2mdist/[22m[36massets/SchedulingCenterPage-BVZqattm.js              [39m[1m[2m     3.22 kB[22m[1m[22m[2m 鈹?gzip:   1.55 kB[22m
[2mdist/[22m[36massets/CrossModalSearchPage-cAhYObN_.js              [39m[1m[2m     3.25 kB[22m[1m[22m[2m 鈹?gzip:   1.64 kB[22m
[2mdist/[22m[36massets/doctorMasterMock-CrfkrFIT.js                  [39m[1m[2m     3.26 kB[22m[1m[22m[2m 鈹?gzip:   2.04 kB[22m
[2mdist/[22m[36massets/PushService-BWmzLU_C.js                       [39m[1m[2m     3.26 kB[22m[1m[22m[2m 鈹?gzip:   1.24 kB[22m
[2mdist/[22m[36massets/ConfirmDialog-BVL6GrHw.js                     [39m[1m[2m     3.27 kB[22m[1m[22m[2m 鈹?gzip:   1.37 kB[22m
[2mdist/[22m[36massets/orderStateAdapter-FPyEN5K5.js                 [39m[1m[2m     3.46 kB[22m[1m[22m[2m 鈹?gzip:   0.96 kB[22m
[2mdist/[22m[36massets/AppModal-By0UcWs4.js                          [39m[1m[2m     3.54 kB[22m[1m[22m[2m 鈹?gzip:   1.57 kB[22m
[2mdist/[22m[36massets/DentalInventoryPage-z9yrK_xl.js               [39m[1m[2m     3.55 kB[22m[1m[22m[2m 鈹?gzip:   1.82 kB[22m
[2mdist/[22m[36massets/VisitDetailPage-4AnDqFha.js                   [39m[1m[2m     3.55 kB[22m[1m[22m[2m 鈹?gzip:   1.69 kB[22m
[2mdist/[22m[36massets/gradingScales-Ca6N8RWZ.js                     [39m[1m[2m     3.62 kB[22m[1m[22m[2m 鈹?gzip:   1.88 kB[22m
[2mdist/[22m[36massets/wechatPay-DzjGHX5S.js                         [39m[1m[2m     3.62 kB[22m[1m[22m[2m 鈹?gzip:   1.76 kB[22m
[2mdist/[22m[36massets/TerminologyServerPage-BHh2GjK5.js             [39m[1m[2m     3.63 kB[22m[1m[22m[2m 鈹?gzip:   1.34 kB[22m
[2mdist/[22m[36massets/VisionExamPage-gELDnih1.js                    [39m[1m[2m     3.89 kB[22m[1m[22m[2m 鈹?gzip:   1.58 kB[22m
[2mdist/[22m[36massets/Hl7BuilderPage-30CkHCbb.js                    [39m[1m[2m     3.92 kB[22m[1m[22m[2m 鈹?gzip:   1.74 kB[22m
[2mdist/[22m[36massets/TreatmentPlanCenterPage-CLKIyDeY.js           [39m[1m[2m     3.93 kB[22m[1m[22m[2m 鈹?gzip:   1.94 kB[22m
[2mdist/[22m[36massets/Hl7SiuPage-DhjHXX9D.js                        [39m[1m[2m     3.93 kB[22m[1m[22m[2m 鈹?gzip:   1.75 kB[22m
[2mdist/[22m[36massets/IntraocularPressurePage-B_ZobjQ3.js           [39m[1m[2m     3.94 kB[22m[1m[22m[2m 鈹?gzip:   1.69 kB[22m
[2mdist/[22m[36massets/AiMarketplacePage-pWDuJMaJ.js                 [39m[1m[2m     3.95 kB[22m[1m[22m[2m 鈹?gzip:   1.86 kB[22m
[2mdist/[22m[36massets/useCornerstone-jXbXvAO7.js                    [39m[1m[2m     4.06 kB[22m[1m[22m[2m 鈹?gzip:   1.88 kB[22m
[2mdist/[22m[36massets/CriticalValueCenterPage-CYsDLxCg.js           [39m[1m[2m     4.08 kB[22m[1m[22m[2m 鈹?gzip:   1.18 kB[22m
[2mdist/[22m[36massets/EmrTemplatesPage-D4ePLKNV.js                  [39m[1m[2m     4.08 kB[22m[1m[22m[2m 鈹?gzip:   1.96 kB[22m
[2mdist/[22m[36massets/AuditCompliancePage-B2-MsTXO.js               [39m[1m[2m     4.09 kB[22m[1m[22m[2m 鈹?gzip:   1.62 kB[22m
[2mdist/[22m[36massets/FhirObservationPage-DhCFXcc5.js               [39m[1m[2m     4.10 kB[22m[1m[22m[2m 鈹?gzip:   1.93 kB[22m
[2mdist/[22m[36massets/utils-Bpym22Ls.js                             [39m[1m[2m     4.15 kB[22m[1m[22m[2m 鈹?gzip:   1.81 kB[22m
[2mdist/[22m[36massets/ReportTemplateManagerPage-CUEKtBBW.js         [39m[1m[2m     4.16 kB[22m[1m[22m[2m 鈹?gzip:   1.50 kB[22m
[2mdist/[22m[36massets/rbacService-Db7uC2u1.js                       [39m[1m[2m     4.16 kB[22m[1m[22m[2m 鈹?gzip:   1.31 kB[22m
[2mdist/[22m[36massets/dentalApi-B_ya9Zmc.js                         [39m[1m[2m     4.18 kB[22m[1m[22m[2m 鈹?gzip:   1.24 kB[22m
[2mdist/[22m[36massets/FhirBulkExportPage-CSEODkdn.js                [39m[1m[2m     4.20 kB[22m[1m[22m[2m 鈹?gzip:   1.93 kB[22m
[2mdist/[22m[36massets/PanoramicAnnotatorPage-DT9bbkPN.js            [39m[1m[2m     4.20 kB[22m[1m[22m[2m 鈹?gzip:   1.98 kB[22m
[2mdist/[22m[36massets/siteMasterMock-DjAXvvTx.js                    [39m[1m[2m     4.20 kB[22m[1m[22m[2m 鈹?gzip:   1.13 kB[22m
[2mdist/[22m[36massets/DicomSrTemplatePage-B4SZcefw.js               [39m[1m[2m     4.22 kB[22m[1m[22m[2m 鈹?gzip:   2.03 kB[22m
[2mdist/[22m[36massets/CommandCenterPage-HVxFYeug.js                 [39m[1m[2m     4.24 kB[22m[1m[22m[2m 鈹?gzip:   1.79 kB[22m
[2mdist/[22m[36massets/Hl7ArchivePage-CES6ZFV5.js                    [39m[1m[2m     4.25 kB[22m[1m[22m[2m 鈹?gzip:   1.91 kB[22m
[2mdist/[22m[36massets/DentalStudiesPage-taCvjG-l.js                 [39m[1m[2m     4.27 kB[22m[1m[22m[2m 鈹?gzip:   1.81 kB[22m
[2mdist/[22m[36massets/DicomWebPage-DeUnVZm5.js                      [39m[1m[2m     4.31 kB[22m[1m[22m[2m 鈹?gzip:   2.14 kB[22m
[2mdist/[22m[36massets/ClinicalConfigCenter-CxAx_mxh.js              [39m[1m[2m     4.35 kB[22m[1m[22m[2m 鈹?gzip:   1.98 kB[22m
[2mdist/[22m[36massets/IheManagerPage-BDS8mjyA.js                    [39m[1m[2m     4.39 kB[22m[1m[22m[2m 鈹?gzip:   1.83 kB[22m
[2mdist/[22m[36massets/ClinicalPathwayPage-Zk9_mLq_.js               [39m[1m[2m     4.46 kB[22m[1m[22m[2m 鈹?gzip:   1.73 kB[22m
[2mdist/[22m[36massets/VisitPage-Bdo6FypP.js                         [39m[1m[2m     4.46 kB[22m[1m[22m[2m 鈹?gzip:   2.07 kB[22m
[2mdist/[22m[36massets/deviceStateAdapter-ZU9FGvMW.js                [39m[1m[2m     4.47 kB[22m[1m[22m[2m 鈹?gzip:   1.10 kB[22m
[2mdist/[22m[36massets/AiFusionWorkspacePage-B45_WFVn.js             [39m[1m[2m     4.50 kB[22m[1m[22m[2m 鈹?gzip:   1.76 kB[22m
[2mdist/[22m[36massets/DentalImplantPlanPage-C-54dSvZ.js             [39m[1m[2m     4.50 kB[22m[1m[22m[2m 鈹?gzip:   1.91 kB[22m
[2mdist/[22m[36massets/SystemAdminPage-ZaHBmV11.js                   [39m[1m[2m     4.54 kB[22m[1m[22m[2m 鈹?gzip:   2.04 kB[22m
[2mdist/[22m[36massets/VisualFieldPage-IZaiD6-7.js                   [39m[1m[2m     4.57 kB[22m[1m[22m[2m 鈹?gzip:   1.90 kB[22m
[2mdist/[22m[36massets/PamPage-CzFlYomw.js                           [39m[1m[2m     4.59 kB[22m[1m[22m[2m 鈹?gzip:   2.08 kB[22m
[2mdist/[22m[36massets/ImageQualityControlPage-DaYr6Dgi.js           [39m[1m[2m     4.60 kB[22m[1m[22m[2m 鈹?gzip:   2.02 kB[22m
[2mdist/[22m[36massets/DentalRadFusionPages-FQ6QboJu.js              [39m[1m[2m     4.60 kB[22m[1m[22m[2m 鈹?gzip:   1.83 kB[22m
[2mdist/[22m[36massets/EnterpriseSearchPage-BLD3CS-U.js              [39m[1m[2m     4.63 kB[22m[1m[22m[2m 鈹?gzip:   2.05 kB[22m
[2mdist/[22m[36massets/TeleSignPage-DVwc3VGK.js                      [39m[1m[2m     4.63 kB[22m[1m[22m[2m 鈹?gzip:   1.99 kB[22m
[2mdist/[22m[36massets/TriagePage-DIkTHsxe.js                        [39m[1m[2m     4.64 kB[22m[1m[22m[2m 鈹?gzip:   1.72 kB[22m
[2mdist/[22m[36massets/SmartRoutePage-DJkINZPb.js                    [39m[1m[2m     4.66 kB[22m[1m[22m[2m 鈹?gzip:   1.87 kB[22m
[2mdist/[22m[36massets/DicomSrPage-CI45fxfW.js                       [39m[1m[2m     4.66 kB[22m[1m[22m[2m 鈹?gzip:   2.07 kB[22m
[2mdist/[22m[36massets/AsrPage-CojBQoaa.js                           [39m[1m[2m     4.79 kB[22m[1m[22m[2m 鈹?gzip:   1.72 kB[22m
[2mdist/[22m[36massets/MprViewerPage-DyU8IZCZ.js                     [39m[1m[2m     4.83 kB[22m[1m[22m[2m 鈹?gzip:   2.30 kB[22m
[2mdist/[22m[36massets/DentalAiOnnxPage-DOtUzDLw.js                  [39m[1m[2m     4.85 kB[22m[1m[22m[2m 鈹?gzip:   2.54 kB[22m
[2mdist/[22m[36massets/ConsentEducationPage-Dob1BOPk.js              [39m[1m[2m     4.85 kB[22m[1m[22m[2m 鈹?gzip:   1.79 kB[22m
[2mdist/[22m[36massets/FhirSubscriptionPage-DdB3bNEH.js              [39m[1m[2m     4.93 kB[22m[1m[22m[2m 鈹?gzip:   2.22 kB[22m
[2mdist/[22m[36massets/FundusViewerPage-Bcv8rpAQ.js                  [39m[1m[2m     4.96 kB[22m[1m[22m[2m 鈹?gzip:   2.18 kB[22m
[2mdist/[22m[36massets/DualReadPage-uxJRzBz7.js                      [39m[1m[2m     4.97 kB[22m[1m[22m[2m 鈹?gzip:   2.17 kB[22m
[2mdist/[22m[36massets/FusionManagerPage-BFD7h-Ta.js                 [39m[1m[2m     5.02 kB[22m[1m[22m[2m 鈹?gzip:   2.23 kB[22m
[2mdist/[22m[36massets/PatientSafetyDashboardPage-kRJjh_zu.js        [39m[1m[2m     5.06 kB[22m[1m[22m[2m 鈹?gzip:   1.83 kB[22m
[2mdist/[22m[36massets/SnomedPage-Bokp56sX.js                        [39m[1m[2m     5.07 kB[22m[1m[22m[2m 鈹?gzip:   1.69 kB[22m
[2mdist/[22m[36massets/DicomCompressPage-B6jaThSQ.js                 [39m[1m[2m     5.13 kB[22m[1m[22m[2m 鈹?gzip:   1.80 kB[22m
[2mdist/[22m[36massets/AiCadPage-DbhMv-iD.js                         [39m[1m[2m     5.15 kB[22m[1m[22m[2m 鈹?gzip:   2.08 kB[22m
[2mdist/[22m[36massets/FhirBulkExportDetailPage-BSMcP2oJ.js          [39m[1m[2m     5.18 kB[22m[1m[22m[2m 鈹?gzip:   2.25 kB[22m
[2mdist/[22m[36massets/MllpConfigPage-QKL9StQp.js                    [39m[1m[2m     5.32 kB[22m[1m[22m[2m 鈹?gzip:   2.00 kB[22m
[2mdist/[22m[36massets/RadiomicsFeaturePage-BJCJTGkG.js              [39m[1m[2m     5.40 kB[22m[1m[22m[2m 鈹?gzip:   2.40 kB[22m
[2mdist/[22m[36massets/PublishPage-COrKxEWO.js                       [39m[1m[2m     5.47 kB[22m[1m[22m[2m 鈹?gzip:   2.53 kB[22m
[2mdist/[22m[36massets/SlaPolicyPage-B9WKVU_4.js                     [39m[1m[2m     5.52 kB[22m[1m[22m[2m 鈹?gzip:   2.52 kB[22m
[2mdist/[22m[36massets/FhirServerPage-DYuRjh2z.js                    [39m[1m[2m     5.54 kB[22m[1m[22m[2m 鈹?gzip:   2.49 kB[22m
[2mdist/[22m[36massets/RadiologistAnnualQCPage-Sq7wrrPU.js           [39m[1m[2m     5.54 kB[22m[1m[22m[2m 鈹?gzip:   2.29 kB[22m
[2mdist/[22m[36massets/RadPathDetailPage-uTSpeNQZ.js                 [39m[1m[2m     5.66 kB[22m[1m[22m[2m 鈹?gzip:   2.04 kB[22m
[2mdist/[22m[36massets/EyeEmrPage-BPh_J5Eu.js                        [39m[1m[2m     5.69 kB[22m[1m[22m[2m 鈹?gzip:   2.28 kB[22m
[2mdist/[22m[36massets/ExportButton-BDwNwmmz.js                      [39m[1m[2m     5.70 kB[22m[1m[22m[2m 鈹?gzip:   2.58 kB[22m
[2mdist/[22m[36massets/examMachine-6SnGGDSz.js                       [39m[1m[2m     5.73 kB[22m[1m[22m[2m 鈹?gzip:   1.05 kB[22m
[2mdist/[22m[36massets/eyeQualityMock-CgsZi3hQ.js                    [39m[1m[2m     5.83 kB[22m[1m[22m[2m 鈹?gzip:   1.48 kB[22m
[2mdist/[22m[36massets/DiagnosisAccuracyPage-C6IaLlLm.js             [39m[1m[2m     5.83 kB[22m[1m[22m[2m 鈹?gzip:   1.78 kB[22m
[2mdist/[22m[36massets/FhirPatientPage-BKqPvvn7.js                   [39m[1m[2m     5.98 kB[22m[1m[22m[2m 鈹?gzip:   2.59 kB[22m
[2mdist/[22m[36massets/MfaSetupPage-5G9gYXPs.js                      [39m[1m[2m     5.99 kB[22m[1m[22m[2m 鈹?gzip:   2.65 kB[22m
[2mdist/[22m[36massets/SnomedEncoderPage-6tAltxzN.js                 [39m[1m[2m     6.01 kB[22m[1m[22m[2m 鈹?gzip:   2.71 kB[22m
[2mdist/[22m[36massets/AiRadsPage-BT7hQWKi.js                        [39m[1m[2m     6.07 kB[22m[1m[22m[2m 鈹?gzip:   2.51 kB[22m
[2mdist/[22m[36massets/BenchmarkAiDiagnosisPage-C_8cBUjD.js          [39m[1m[2m     6.08 kB[22m[1m[22m[2m 鈹?gzip:   2.36 kB[22m
[2mdist/[22m[36massets/DentalGuidePage-Dhi75e7M.js                   [39m[1m[2m     6.12 kB[22m[1m[22m[2m 鈹?gzip:   2.34 kB[22m
[2mdist/[22m[36massets/CvQcPage-CX7YHQRI.js                          [39m[1m[2m     6.17 kB[22m[1m[22m[2m 鈹?gzip:   1.95 kB[22m
[2mdist/[22m[36massets/RuleConfigPanel-B_lXb97y.js                   [39m[1m[2m     6.52 kB[22m[1m[22m[2m 鈹?gzip:   2.08 kB[22m
[2mdist/[22m[36massets/RoomOccupancyPage-D2IISTpE.js                 [39m[1m[2m     6.52 kB[22m[1m[22m[2m 鈹?gzip:   2.78 kB[22m
[2mdist/[22m[36massets/OEEDashboardPage-Dd1aMTmJ.js                  [39m[1m[2m     6.53 kB[22m[1m[22m[2m 鈹?gzip:   2.62 kB[22m
[2mdist/[22m[36massets/useKeyboardShortcuts-BMRgrUGx.js              [39m[1m[2m     6.55 kB[22m[1m[22m[2m 鈹?gzip:   2.72 kB[22m
[2mdist/[22m[36massets/QualityManagementPage-D8tnhRci.js             [39m[1m[2m     6.89 kB[22m[1m[22m[2m 鈹?gzip:   2.83 kB[22m
[2mdist/[22m[36massets/ClinicalCalculatorHubPage-CICk94ht.js         [39m[1m[2m     6.91 kB[22m[1m[22m[2m 鈹?gzip:   2.74 kB[22m
[2mdist/[22m[36massets/NlpCheckPage-BsBqrTwY.js                      [39m[1m[2m     6.92 kB[22m[1m[22m[2m 鈹?gzip:   2.00 kB[22m
[2mdist/[22m[36massets/EyeRisPage-BdbXVGX3.js                        [39m[1m[2m     6.98 kB[22m[1m[22m[2m 鈹?gzip:   2.81 kB[22m
[2mdist/[22m[36massets/DentalViewerPage-BQUDs8sm.js                  [39m[1m[2m     7.01 kB[22m[1m[22m[2m 鈹?gzip:   2.63 kB[22m
[2mdist/[22m[36massets/KioskCheckIn-DYaoBkAj.js                      [39m[1m[2m     7.01 kB[22m[1m[22m[2m 鈹?gzip:   2.86 kB[22m
[2mdist/[22m[36massets/AIOrchestrationPage-B7avmewy.js               [39m[1m[2m     7.03 kB[22m[1m[22m[2m 鈹?gzip:   3.10 kB[22m
[2mdist/[22m[36massets/Patient360Page-rCS-d10S.js                    [39m[1m[2m     7.07 kB[22m[1m[22m[2m 鈹?gzip:   2.72 kB[22m
[2mdist/[22m[36massets/SpecialAssessmentPages-DbYxKyA1.js            [39m[1m[2m     7.23 kB[22m[1m[22m[2m 鈹?gzip:   2.42 kB[22m
[2mdist/[22m[36massets/TriageDashboardPage-CxL-ibLg.js               [39m[1m[2m     7.26 kB[22m[1m[22m[2m 鈹?gzip:   2.89 kB[22m
[2mdist/[22m[36massets/DentalVolumeViewerPage-BxZvaSGQ.js            [39m[1m[2m     7.29 kB[22m[1m[22m[2m 鈹?gzip:   2.89 kB[22m
[2mdist/[22m[36massets/AiDraftPage-DFTQCs8P.js                       [39m[1m[2m     7.31 kB[22m[1m[22m[2m 鈹?gzip:   2.87 kB[22m
[2mdist/[22m[36massets/deliveryExportSignatureMock-_uBpBmMT.js       [39m[1m[2m     7.32 kB[22m[1m[22m[2m 鈹?gzip:   2.23 kB[22m
[2mdist/[22m[36massets/TechMobileWorkstation-BffzjbQa.js             [39m[1m[2m     7.40 kB[22m[1m[22m[2m 鈹?gzip:   2.69 kB[22m
[2mdist/[22m[36massets/CompliancePage-DAubylJ5.js                    [39m[1m[2m     7.47 kB[22m[1m[22m[2m 鈹?gzip:   2.70 kB[22m
[2mdist/[22m[36massets/qualityReportMock-CtdDej7o.js                 [39m[1m[2m     7.67 kB[22m[1m[22m[2m 鈹?gzip:   3.33 kB[22m
[2mdist/[22m[36massets/DentalEmrPage-q_tE5Y7O.js                     [39m[1m[2m     7.67 kB[22m[1m[22m[2m 鈹?gzip:   2.59 kB[22m
[2mdist/[22m[36massets/examStore-jcpCcRtY.js                         [39m[1m[2m     7.68 kB[22m[1m[22m[2m 鈹?gzip:   1.99 kB[22m
[2mdist/[22m[36massets/DimsePage-CtkptBSA.js                         [39m[1m[2m     7.69 kB[22m[1m[22m[2m 鈹?gzip:   2.77 kB[22m
[2mdist/[22m[36massets/RadiomicsPage-DC5ykpuD.js                     [39m[1m[2m     7.70 kB[22m[1m[22m[2m 鈹?gzip:   3.23 kB[22m
[2mdist/[22m[36massets/DoctorMobileWorkstation-BYNOe2Jr.js           [39m[1m[2m     7.71 kB[22m[1m[22m[2m 鈹?gzip:   2.77 kB[22m
[2mdist/[22m[36massets/PatientEducationPage-tLoHJiqa.js              [39m[1m[2m     7.82 kB[22m[1m[22m[2m 鈹?gzip:   3.32 kB[22m
[2mdist/[22m[36massets/NurseMobileWorkstation-WWfBF8oG.js            [39m[1m[2m     7.84 kB[22m[1m[22m[2m 鈹?gzip:   2.67 kB[22m
[2mdist/[22m[36massets/DepartmentOperationsPage-CrNyz9r0.js          [39m[1m[2m     7.91 kB[22m[1m[22m[2m 鈹?gzip:   2.83 kB[22m
[2mdist/[22m[36massets/PatientSafetyGoalsPage-NMtrxYKN.js            [39m[1m[2m     7.94 kB[22m[1m[22m[2m 鈹?gzip:   2.43 kB[22m
[2mdist/[22m[36massets/EyeAiPage-OLPimikb.js                         [39m[1m[2m     7.98 kB[22m[1m[22m[2m 鈹?gzip:   3.07 kB[22m
[2mdist/[22m[36massets/ServiceManagement-DJFS0pm6.js                 [39m[1m[2m     8.07 kB[22m[1m[22m[2m 鈹?gzip:   3.11 kB[22m
[2mdist/[22m[36massets/ReportWorkflowPage-BV16wu9C.js                [39m[1m[2m     8.22 kB[22m[1m[22m[2m 鈹?gzip:   3.45 kB[22m
[2mdist/[22m[36massets/DentalCephPage-DdSdqbeh.js                    [39m[1m[2m     8.29 kB[22m[1m[22m[2m 鈹?gzip:   3.35 kB[22m
[2mdist/[22m[36massets/V3ReportHubPage-CRMnh-U3.js                   [39m[1m[2m     8.36 kB[22m[1m[22m[2m 鈹?gzip:   2.31 kB[22m
[2mdist/[22m[36massets/ImageComparePage-IoZBhLa-.js                  [39m[1m[2m     8.37 kB[22m[1m[22m[2m 鈹?gzip:   2.48 kB[22m
[2mdist/[22m[36massets/qualityScoreMock-DuVrUjk0.js                  [39m[1m[2m     8.38 kB[22m[1m[22m[2m 鈹?gzip:   5.02 kB[22m
[2mdist/[22m[36massets/VNADashboardPage-CAcU8Ooe.js                  [39m[1m[2m     8.39 kB[22m[1m[22m[2m 鈹?gzip:   3.12 kB[22m
[2mdist/[22m[36massets/ContrastQualityCompliancePage-D8RRiVYO.js     [39m[1m[2m     8.44 kB[22m[1m[22m[2m 鈹?gzip:   3.12 kB[22m
[2mdist/[22m[36massets/CvDatabasePage-Dvby02qo.js                    [39m[1m[2m     8.45 kB[22m[1m[22m[2m 鈹?gzip:   2.60 kB[22m
[2mdist/[22m[36massets/CostAccountingPage-CEIGkjei.js                [39m[1m[2m     8.45 kB[22m[1m[22m[2m 鈹?gzip:   2.58 kB[22m
[2mdist/[22m[36massets/DentalAlignerPage-Dj8Pd5h6.js                 [39m[1m[2m     8.46 kB[22m[1m[22m[2m 鈹?gzip:   3.31 kB[22m
[2mdist/[22m[36massets/CaseLibraryPage-DE28Vhg4.js                   [39m[1m[2m     8.47 kB[22m[1m[22m[2m 鈹?gzip:   3.48 kB[22m
[2mdist/[22m[36massets/OptometryClosedLoopPage-CA4AIeF2.js           [39m[1m[2m     8.47 kB[22m[1m[22m[2m 鈹?gzip:   3.05 kB[22m
[2mdist/[22m[36massets/DepartmentFinancePage-mE_GbvMm.js             [39m[1m[2m     8.51 kB[22m[1m[22m[2m 鈹?gzip:   2.79 kB[22m
[2mdist/[22m[36massets/CloudStorageDashboardPage-Nby7iTX7.js         [39m[1m[2m     8.54 kB[22m[1m[22m[2m 鈹?gzip:   3.33 kB[22m
[2mdist/[22m[36massets/CdsStatisticsPage-lVnQMXWH.js                 [39m[1m[2m     8.57 kB[22m[1m[22m[2m 鈹?gzip:   2.74 kB[22m
[2mdist/[22m[36massets/RadPathTrackerPage-D3kfSUBR.js                [39m[1m[2m     8.58 kB[22m[1m[22m[2m 鈹?gzip:   2.78 kB[22m
[2mdist/[22m[36massets/SelfServicePortal-tNlYlYiO.js                 [39m[1m[2m     8.59 kB[22m[1m[22m[2m 鈹?gzip:   3.12 kB[22m
[2mdist/[22m[36massets/OpsDashboardPage-C249tFGm.js                  [39m[1m[2m     8.61 kB[22m[1m[22m[2m 鈹?gzip:   2.92 kB[22m
[2mdist/[22m[36massets/DentalPhotoPage-B_OfiTCx.js                   [39m[1m[2m     8.78 kB[22m[1m[22m[2m 鈹?gzip:   3.54 kB[22m
[2mdist/[22m[36massets/DicomDimsePage-WoijDr3f.js                    [39m[1m[2m     8.81 kB[22m[1m[22m[2m 鈹?gzip:   3.07 kB[22m
[2mdist/[22m[36massets/TermSynonymGraphPage-DjST0axi.js              [39m[1m[2m     8.82 kB[22m[1m[22m[2m 鈹?gzip:   2.87 kB[22m
[2mdist/[22m[36massets/DentalBillingPage-DmIj3C94.js                 [39m[1m[2m     8.86 kB[22m[1m[22m[2m 鈹?gzip:   3.35 kB[22m
[2mdist/[22m[36massets/AccountsReceivablePage-VMNZOSuT.js            [39m[1m[2m     8.86 kB[22m[1m[22m[2m 鈹?gzip:   2.90 kB[22m
[2mdist/[22m[36massets/AiReportWriterPage-DBrcdBjG.js                [39m[1m[2m     8.89 kB[22m[1m[22m[2m 鈹?gzip:   3.77 kB[22m
[2mdist/[22m[36massets/WorkloadHeatmapPage-Bmo6vNh0.js               [39m[1m[2m     9.02 kB[22m[1m[22m[2m 鈹?gzip:   3.34 kB[22m
[2mdist/[22m[36massets/DepartmentDashboardPage-DnkB3KRL.js           [39m[1m[2m     9.06 kB[22m[1m[22m[2m 鈹?gzip:   3.01 kB[22m
[2mdist/[22m[36massets/DoctorWorkloadPage-lZRYgyeg.js                [39m[1m[2m     9.06 kB[22m[1m[22m[2m 鈹?gzip:   2.88 kB[22m
[2mdist/[22m[36massets/TatDashboardPage-Ch0Cbj_k.js                  [39m[1m[2m     9.12 kB[22m[1m[22m[2m 鈹?gzip:   3.45 kB[22m
[2mdist/[22m[36massets/EyeKpiDashboardPage-BSFHc83e.js               [39m[1m[2m     9.12 kB[22m[1m[22m[2m 鈹?gzip:   3.16 kB[22m
[2mdist/[22m[36massets/ReviewCheckPage-DhdS0xfY.js                   [39m[1m[2m     9.16 kB[22m[1m[22m[2m 鈹?gzip:   2.86 kB[22m
[2mdist/[22m[36massets/UserManagementPage-sWVs-Prf.js                [39m[1m[2m     9.17 kB[22m[1m[22m[2m 鈹?gzip:   3.85 kB[22m
[2mdist/[22m[36massets/Hl7ManagerPage-EE2LGfnn.js                    [39m[1m[2m     9.29 kB[22m[1m[22m[2m 鈹?gzip:   2.67 kB[22m
[2mdist/[22m[36massets/RevenueAnalysisPage-CVa5nKTG.js               [39m[1m[2m     9.30 kB[22m[1m[22m[2m 鈹?gzip:   2.68 kB[22m
[2mdist/[22m[36massets/BusinessContinuityPage-CNgcqTr9.js            [39m[1m[2m     9.33 kB[22m[1m[22m[2m 鈹?gzip:   3.52 kB[22m
[2mdist/[22m[36massets/ReportScoreRulePage-DrfuFh0Y.js               [39m[1m[2m     9.34 kB[22m[1m[22m[2m 鈹?gzip:   2.94 kB[22m
[2mdist/[22m[36massets/ReportTimelinessPage-gnYxXDW-.js              [39m[1m[2m     9.39 kB[22m[1m[22m[2m 鈹?gzip:   2.58 kB[22m
[2mdist/[22m[36massets/MobilePushPage-DuQ-fJKJ.js                    [39m[1m[2m     9.40 kB[22m[1m[22m[2m 鈹?gzip:   3.60 kB[22m
[2mdist/[22m[36massets/FinancialReportsPage-DRmsaTai.js              [39m[1m[2m     9.43 kB[22m[1m[22m[2m 鈹?gzip:   3.26 kB[22m
[2mdist/[22m[36massets/DentalSchedulePage-BPSBLSeS.js                [39m[1m[2m     9.45 kB[22m[1m[22m[2m 鈹?gzip:   3.70 kB[22m
[2mdist/[22m[36massets/MedicalAlliancePage-CNopuyCu.js               [39m[1m[2m     9.46 kB[22m[1m[22m[2m 鈹?gzip:   2.93 kB[22m
[2mdist/[22m[36massets/WorkflowDesignerPage-C7qZSPdv.js              [39m[1m[2m     9.64 kB[22m[1m[22m[2m 鈹?gzip:   3.83 kB[22m
[2mdist/[22m[36massets/BlockchainProofPage-DzBcv0IW.js               [39m[1m[2m     9.64 kB[22m[1m[22m[2m 鈹?gzip:   3.11 kB[22m
[2mdist/[22m[36massets/PixPage-Jgz03kUD.js                           [39m[1m[2m     9.68 kB[22m[1m[22m[2m 鈹?gzip:   3.23 kB[22m
[2mdist/[22m[36massets/RadiationSafetyPage-Bv6b2Ppf.js               [39m[1m[2m     9.69 kB[22m[1m[22m[2m 鈹?gzip:   2.73 kB[22m
[2mdist/[22m[36massets/DeviceOpsPage-CT621z22.js                     [39m[1m[2m     9.71 kB[22m[1m[22m[2m 鈹?gzip:   3.05 kB[22m
[2mdist/[22m[36massets/DentalCadPage-lTvQD-YT.js                     [39m[1m[2m     9.71 kB[22m[1m[22m[2m 鈹?gzip:   3.72 kB[22m
[2mdist/[22m[36massets/ReportPhraseBankPage-J_XiCka5.js              [39m[1m[2m     9.84 kB[22m[1m[22m[2m 鈹?gzip:   3.08 kB[22m
[2mdist/[22m[36massets/DefectManagementPage-s2DzkBgl.js              [39m[1m[2m     9.91 kB[22m[1m[22m[2m 鈹?gzip:   3.21 kB[22m
[2mdist/[22m[36massets/eyeEmrMock-Bx3uBGvp.js                        [39m[1m[2m     9.92 kB[22m[1m[22m[2m 鈹?gzip:   4.33 kB[22m
[2mdist/[22m[36massets/NotificationTemplateDictPage-CeXWxTqe.js      [39m[1m[2m    10.00 kB[22m[1m[22m[2m 鈹?gzip:   3.15 kB[22m
[2mdist/[22m[36massets/ContrastInventoryPage-CmvgTS6k.js             [39m[1m[2m    10.03 kB[22m[1m[22m[2m 鈹?gzip:   3.13 kB[22m
[2mdist/[22m[36massets/Dicom4dPage-DweR316d.js                       [39m[1m[2m    10.17 kB[22m[1m[22m[2m 鈹?gzip:   3.43 kB[22m
[2mdist/[22m[36massets/eyeCriticalValuesMock-CZTuwgD1.js             [39m[1m[2m    10.24 kB[22m[1m[22m[2m 鈹?gzip:   2.82 kB[22m
[2mdist/[22m[36massets/PatientDeviceManagementPage-CKI45WV5.js       [39m[1m[2m    10.26 kB[22m[1m[22m[2m 鈹?gzip:   3.63 kB[22m
[2mdist/[22m[36massets/CriticalValueStatsPage-Fwhc4idW.js            [39m[1m[2m    10.29 kB[22m[1m[22m[2m 鈹?gzip:   2.94 kB[22m
[2mdist/[22m[36massets/DepartmentQualityPage-B7Q3phf9.js             [39m[1m[2m    10.35 kB[22m[1m[22m[2m 鈹?gzip:   2.94 kB[22m
[2mdist/[22m[36massets/ToricPlannerPage-oQwzD9ES.js                  [39m[1m[2m    10.36 kB[22m[1m[22m[2m 鈹?gzip:   3.40 kB[22m
[2mdist/[22m[36massets/TeachLecturePage-m-mG383M.js                  [39m[1m[2m    10.45 kB[22m[1m[22m[2m 鈹?gzip:   3.60 kB[22m
[2mdist/[22m[36massets/RdsrPage-XAS1nyaQ.js                          [39m[1m[2m    10.47 kB[22m[1m[22m[2m 鈹?gzip:   2.84 kB[22m
[2mdist/[22m[36massets/ChargeItemPage-DGf1WN5T.js                    [39m[1m[2m    10.62 kB[22m[1m[22m[2m 鈹?gzip:   3.40 kB[22m
[2mdist/[22m[36massets/AdverseEventPage-DplHkAYx.js                  [39m[1m[2m    10.63 kB[22m[1m[22m[2m 鈹?gzip:   3.11 kB[22m
[2mdist/[22m[36massets/CQIPage-CvMfVK0d.js                           [39m[1m[2m    10.71 kB[22m[1m[22m[2m 鈹?gzip:   2.97 kB[22m
[2mdist/[22m[36massets/medicalDataGen-D9q8sDe_.js                    [39m[1m[2m    10.73 kB[22m[1m[22m[2m 鈹?gzip:   6.15 kB[22m
[2mdist/[22m[36massets/DentalImplant3DPage-DqrW5A5P.js               [39m[1m[2m    10.75 kB[22m[1m[22m[2m 鈹?gzip:   3.80 kB[22m
[2mdist/[22m[36massets/IolCalculatorPage-C91MYS_V.js                 [39m[1m[2m    10.75 kB[22m[1m[22m[2m 鈹?gzip:   3.79 kB[22m
[2mdist/[22m[36massets/TeleConsultPage-9Ju0cZK0.js                   [39m[1m[2m    10.77 kB[22m[1m[22m[2m 鈹?gzip:   3.77 kB[22m
[2mdist/[22m[36massets/FusionPage-C6BCrTPV.js                        [39m[1m[2m    10.83 kB[22m[1m[22m[2m 鈹?gzip:   4.15 kB[22m
[2mdist/[22m[36massets/CvOperationsPage-DiTWgLLK.js                  [39m[1m[2m    10.88 kB[22m[1m[22m[2m 鈹?gzip:   2.70 kB[22m
[2mdist/[22m[36massets/MultiSiteDashboardPage-CjAoPXJI.js            [39m[1m[2m    10.89 kB[22m[1m[22m[2m 鈹?gzip:   3.97 kB[22m
[2mdist/[22m[36massets/CdsManagementPage-DpsQrlk8.js                 [39m[1m[2m    10.92 kB[22m[1m[22m[2m 鈹?gzip:   3.26 kB[22m
[2mdist/[22m[36massets/criticalValueMock-Df1j7S4Y.js                 [39m[1m[2m    10.95 kB[22m[1m[22m[2m 鈹?gzip:   3.92 kB[22m
[2mdist/[22m[36massets/QcImageAiPage-BNDX8Px9.js                     [39m[1m[2m    10.96 kB[22m[1m[22m[2m 鈹?gzip:   3.21 kB[22m
[2mdist/[22m[36massets/safetyApi-DTyJqTcS.js                         [39m[1m[2m    11.06 kB[22m[1m[22m[2m 鈹?gzip:   4.71 kB[22m
[2mdist/[22m[36massets/ContrastInjectionWorkstationPage-CWfkUj3O.js  [39m[1m[2m    11.11 kB[22m[1m[22m[2m 鈹?gzip:   3.63 kB[22m
[2mdist/[22m[36massets/reportMachine-Clh8Ks38.js                     [39m[1m[2m    11.12 kB[22m[1m[22m[2m 鈹?gzip:   1.76 kB[22m
[2mdist/[22m[36massets/HrOperationsPage-B0rT28AI.js                  [39m[1m[2m    11.21 kB[22m[1m[22m[2m 鈹?gzip:   3.12 kB[22m
[2mdist/[22m[36massets/VolumeViewerPage-DEBRA1vO.js                  [39m[1m[2m    11.34 kB[22m[1m[22m[2m 鈹?gzip:   4.38 kB[22m
[2mdist/[22m[36massets/PatientFinancePage-DJBA8MBD.js                [39m[1m[2m    11.36 kB[22m[1m[22m[2m 鈹?gzip:   3.72 kB[22m
[2mdist/[22m[36massets/EyeWorkspacePage-Ch4Dd16L.js                  [39m[1m[2m    11.36 kB[22m[1m[22m[2m 鈹?gzip:   3.88 kB[22m
[2mdist/[22m[36massets/AdverseReactionPage-XahHZCVW.js               [39m[1m[2m    11.47 kB[22m[1m[22m[2m 鈹?gzip:   4.00 kB[22m
[2mdist/[22m[36massets/RCAAnalysisPage-CzkGZX3w.js                   [39m[1m[2m    11.72 kB[22m[1m[22m[2m 鈹?gzip:   3.17 kB[22m
[2mdist/[22m[36massets/reportStore-6cbriiOB.js                       [39m[1m[2m    11.73 kB[22m[1m[22m[2m 鈹?gzip:   2.03 kB[22m
[2mdist/[22m[36massets/eyeAiMock-CneZDOa3.js                         [39m[1m[2m    11.90 kB[22m[1m[22m[2m 鈹?gzip:   4.42 kB[22m
[2mdist/[22m[36massets/RiskManagementPage-B-Lx8ZG8.js                [39m[1m[2m    12.11 kB[22m[1m[22m[2m 鈹?gzip:   3.10 kB[22m
[2mdist/[22m[36massets/AIReportDraftPage-N7cI8NMP.js                 [39m[1m[2m    12.25 kB[22m[1m[22m[2m 鈹?gzip:   4.00 kB[22m
[2mdist/[22m[36massets/reportAIMock-D3v_4-fA.js                      [39m[1m[2m    12.52 kB[22m[1m[22m[2m 鈹?gzip:   5.00 kB[22m
[2mdist/[22m[36massets/BenchmarkPageV2-V0wGVGdr.js                   [39m[1m[2m    12.53 kB[22m[1m[22m[2m 鈹?gzip:   4.75 kB[22m
[2mdist/[22m[36massets/MaterialsPage-CgAu88tw.js                     [39m[1m[2m    12.93 kB[22m[1m[22m[2m 鈹?gzip:   3.92 kB[22m
[2mdist/[22m[36massets/reviewRevisionCollabMock-BmgQRTXi.js          [39m[1m[2m    13.01 kB[22m[1m[22m[2m 鈹?gzip:   3.18 kB[22m
[2mdist/[22m[36massets/ReportSearchPage-0iyD_0z0.js                  [39m[1m[2m    13.16 kB[22m[1m[22m[2m 鈹?gzip:   4.47 kB[22m
[2mdist/[22m[36massets/EyeReportWritePage-DhG20e2X.js                [39m[1m[2m    13.23 kB[22m[1m[22m[2m 鈹?gzip:   5.03 kB[22m
[2mdist/[22m[36massets/ReportRevisionsPage-DBK3cEbK.js               [39m[1m[2m    13.28 kB[22m[1m[22m[2m 鈹?gzip:   3.91 kB[22m
[2mdist/[22m[36massets/TeleConferencePage-WsvAHmbD.js                [39m[1m[2m    13.31 kB[22m[1m[22m[2m 鈹?gzip:   4.47 kB[22m
[2mdist/[22m[36massets/CASignaturePage-CEgQ9egY.js                   [39m[1m[2m    13.39 kB[22m[1m[22m[2m 鈹?gzip:   4.30 kB[22m
[2mdist/[22m[36massets/knowledgeStatsMock-CRxYRvXL.js                [39m[1m[2m    13.48 kB[22m[1m[22m[2m 鈹?gzip:   6.42 kB[22m
[2mdist/[22m[36massets/CollaborationPage-DA_qFBQn.js                 [39m[1m[2m    13.70 kB[22m[1m[22m[2m 鈹?gzip:   4.41 kB[22m
[2mdist/[22m[36massets/SignAmendPage-D9KbXvny.js                     [39m[1m[2m    13.91 kB[22m[1m[22m[2m 鈹?gzip:   4.16 kB[22m
[2mdist/[22m[36massets/FusionV2Page-BSpqJ-OB.js                      [39m[1m[2m    14.22 kB[22m[1m[22m[2m 鈹?gzip:   4.77 kB[22m
[2mdist/[22m[36massets/PatientMobileApp-D-SlEznt.js                  [39m[1m[2m    14.44 kB[22m[1m[22m[2m 鈹?gzip:   4.75 kB[22m
[2mdist/[22m[36massets/AIMedicalDevicePage-fx0sN9ul.js               [39m[1m[2m    14.46 kB[22m[1m[22m[2m 鈹?gzip:   4.35 kB[22m
[2mdist/[22m[36massets/CoSignPage-CU_iS44Y.js                        [39m[1m[2m    14.65 kB[22m[1m[22m[2m 鈹?gzip:   4.28 kB[22m
[2mdist/[22m[36massets/RoutingRulePage-C8o1mDF-.js                   [39m[1m[2m    14.73 kB[22m[1m[22m[2m 鈹?gzip:   4.94 kB[22m
[2mdist/[22m[36massets/RealDicomViewerPage-CH_oN7VN.js               [39m[1m[2m    14.74 kB[22m[1m[22m[2m 鈹?gzip:   5.18 kB[22m
[2mdist/[22m[36massets/lossless-BQbku3AC.js                          [39m[1m[2m    14.78 kB[22m[1m[22m[2m 鈹?gzip:   4.29 kB[22m
[2mdist/[22m[36massets/workflowStore-CTNQbg4n.js                     [39m[1m[2m    15.40 kB[22m[1m[22m[2m 鈹?gzip:   3.45 kB[22m
[2mdist/[22m[36massets/OrchestratorPage-BlAAhgjw.js                  [39m[1m[2m    16.21 kB[22m[1m[22m[2m 鈹?gzip:   4.66 kB[22m
[2mdist/[22m[36massets/IheConnectathonPage-ud6C0PRQ.js               [39m[1m[2m    16.30 kB[22m[1m[22m[2m 鈹?gzip:   5.95 kB[22m
[2mdist/[22m[36massets/CriticalValueRulePage-Bv9qnE-t.js             [39m[1m[2m    16.80 kB[22m[1m[22m[2m 鈹?gzip:   4.87 kB[22m
[2mdist/[22m[36massets/AIQCPage-B9vxKlDF.js                          [39m[1m[2m    16.80 kB[22m[1m[22m[2m 鈹?gzip:   5.13 kB[22m
[2mdist/[22m[36massets/TemplateInheritancePage-DQMqHQuL.js           [39m[1m[2m    16.95 kB[22m[1m[22m[2m 鈹?gzip:   4.40 kB[22m
[2mdist/[22m[36massets/ReportDefectLibraryPage-Cb_bOImx.js           [39m[1m[2m    17.69 kB[22m[1m[22m[2m 鈹?gzip:   5.17 kB[22m
[2mdist/[22m[36massets/criticalValueAssessmentMock-BaMAXwf9.js       [39m[1m[2m    18.62 kB[22m[1m[22m[2m 鈹?gzip:   6.84 kB[22m
[2mdist/[22m[36massets/QueueCallPage-C7R6t3vB.js                     [39m[1m[2m    18.69 kB[22m[1m[22m[2m 鈹?gzip:   5.40 kB[22m
[2mdist/[22m[36massets/RadiologyQCDashboardPage-ChJDp4Wo.js          [39m[1m[2m    18.94 kB[22m[1m[22m[2m 鈹?gzip:   5.15 kB[22m
[2mdist/[22m[36massets/ReportReviewPage-DWJekfxr.js                  [39m[1m[2m    18.99 kB[22m[1m[22m[2m 鈹?gzip:   5.52 kB[22m
[2mdist/[22m[36massets/KeywordCheckPage-BgvM7N8l.js                  [39m[1m[2m    19.17 kB[22m[1m[22m[2m 鈹?gzip:   6.84 kB[22m
[2mdist/[22m[36massets/eyeRisMock-DjyMSAxt.js                        [39m[1m[2m    20.25 kB[22m[1m[22m[2m 鈹?gzip:   3.48 kB[22m
[2mdist/[22m[36massets/TemplateCategoryPage-Bgc2JtQf.js              [39m[1m[2m    20.28 kB[22m[1m[22m[2m 鈹?gzip:   5.42 kB[22m
[2mdist/[22m[36massets/OperationsCenterPage-DeQisCez.js              [39m[1m[2m    20.51 kB[22m[1m[22m[2m 鈹?gzip:   5.71 kB[22m
[2mdist/[22m[36massets/PatientReportPortalPage-7MB0RpCJ.js           [39m[1m[2m    20.83 kB[22m[1m[22m[2m 鈹?gzip:   5.83 kB[22m
[2mdist/[22m[36massets/DirectorDashboardPage-H6GPnrFF.js             [39m[1m[2m    21.19 kB[22m[1m[22m[2m 鈹?gzip:   5.70 kB[22m
[2mdist/[22m[36massets/reportReviewMock-BQR5rc29.js                  [39m[1m[2m    22.38 kB[22m[1m[22m[2m 鈹?gzip:   6.38 kB[22m
[2mdist/[22m[36massets/criticalValueService-Bk3ja0B3.js              [39m[1m[2m    23.06 kB[22m[1m[22m[2m 鈹?gzip:   8.00 kB[22m
[2mdist/[22m[36massets/ReportKpiDashboardPage-DNWl2eHQ.js            [39m[1m[2m    23.07 kB[22m[1m[22m[2m 鈹?gzip:   6.65 kB[22m
[2mdist/[22m[36massets/DicomPrintPage-DKktj9Of.js                    [39m[1m[2m    24.19 kB[22m[1m[22m[2m 鈹?gzip:   5.47 kB[22m
[2mdist/[22m[36massets/EquipmentLifecyclePage-Cn1YhRrX.js            [39m[1m[2m    25.07 kB[22m[1m[22m[2m 鈹?gzip:   6.30 kB[22m
[2mdist/[22m[36massets/RegionalImagingPage-CpfESDqX.js               [39m[1m[2m    26.45 kB[22m[1m[22m[2m 鈹?gzip:   6.25 kB[22m
[2mdist/[22m[36massets/DicomViewerPro-BVmcmHEh.js                    [39m[1m[2m    27.02 kB[22m[1m[22m[2m 鈹?gzip:   7.92 kB[22m
[2mdist/[22m[36massets/NuclearStatsPage-fwCgSsq_.js                  [39m[1m[2m    27.96 kB[22m[1m[22m[2m 鈹?gzip:   6.67 kB[22m
[2mdist/[22m[36massets/EquipmentEfficiencyPage-CFjb2yQc.js           [39m[1m[2m    28.34 kB[22m[1m[22m[2m 鈹?gzip:   7.17 kB[22m
[2mdist/[22m[36massets/FollowUpPage-C8QqWJgc.js                      [39m[1m[2m    28.59 kB[22m[1m[22m[2m 鈹?gzip:   5.34 kB[22m
[2mdist/[22m[36massets/AIStructuredReportPage-CxaouJ8V.js            [39m[1m[2m    30.38 kB[22m[1m[22m[2m 鈹?gzip:   8.48 kB[22m
[2mdist/[22m[36massets/StatsReportPage-DWg5RS4d.js                   [39m[1m[2m    31.00 kB[22m[1m[22m[2m 鈹?gzip:   7.25 kB[22m
[2mdist/[22m[36massets/ExamPage-zukPx12d.js                          [39m[1m[2m    31.98 kB[22m[1m[22m[2m 鈹?gzip:   8.34 kB[22m
[2mdist/[22m[36massets/DeviceFaultPage-Cw1cFQ8h.js                   [39m[1m[2m    33.42 kB[22m[1m[22m[2m 鈹?gzip:   8.09 kB[22m
[2mdist/[22m[36massets/MllpMonitorPage-ooluokeT.js                   [39m[1m[2m    34.06 kB[22m[1m[22m[2m 鈹?gzip:  11.72 kB[22m
[2mdist/[22m[36massets/AppointmentManagementPage-CckGbzoK.js         [39m[1m[2m    34.39 kB[22m[1m[22m[2m 鈹?gzip:   8.42 kB[22m
[2mdist/[22m[36massets/CancerScreenPage-CP4QEnBA.js                  [39m[1m[2m    34.65 kB[22m[1m[22m[2m 鈹?gzip:   9.58 kB[22m
[2mdist/[22m[36massets/HomePage-DcfzEGke.js                          [39m[1m[2m    35.44 kB[22m[1m[22m[2m 鈹?gzip:   8.69 kB[22m
[2mdist/[22m[36massets/xstate-vendor-_ZNGLOmY.js                     [39m[1m[2m    35.96 kB[22m[1m[22m[2m 鈹?gzip:  11.91 kB[22m
[2mdist/[22m[36massets/defectLibraryMock-BC_906cM.js                 [39m[1m[2m    37.82 kB[22m[1m[22m[2m 鈹?gzip:  12.14 kB[22m
[2mdist/[22m[36massets/NotificationCenter-xW51WFF4.js                [39m[1m[2m    37.87 kB[22m[1m[22m[2m 鈹?gzip:  10.46 kB[22m
[2mdist/[22m[36massets/PatientPortalPage-CY8mmnzD.js                 [39m[1m[2m    39.61 kB[22m[1m[22m[2m 鈹?gzip:  10.23 kB[22m
[2mdist/[22m[36massets/dnd-kit-vendor-BJMjgrzx.js                    [39m[1m[2m    41.80 kB[22m[1m[22m[2m 鈹?gzip:  14.01 kB[22m
[2mdist/[22m[36massets/cosignMock-D5rcVjGw.js                        [39m[1m[2m    42.32 kB[22m[1m[22m[2m 鈹?gzip:  12.92 kB[22m
[2mdist/[22m[36massets/AIAssistPage-CD4fRn_8.js                      [39m[1m[2m    44.05 kB[22m[1m[22m[2m 鈹?gzip:  10.11 kB[22m
[2mdist/[22m[36massets/GreenITPage-YzyqqLly.js                       [39m[1m[2m    45.07 kB[22m[1m[22m[2m 鈹?gzip:   9.92 kB[22m
[2mdist/[22m[36massets/eyeReportTemplatesMock-D9d8zzXs.js            [39m[1m[2m    46.74 kB[22m[1m[22m[2m 鈹?gzip:  11.54 kB[22m
[2mdist/[22m[36massets/ReportDeliveryPage-B7Xmg-mZ.js                [39m[1m[2m    47.56 kB[22m[1m[22m[2m 鈹?gzip:  14.32 kB[22m
[2mdist/[22m[36massets/ConsultationPage-BVrd6O4c.js                  [39m[1m[2m    48.46 kB[22m[1m[22m[2m 鈹?gzip:  10.12 kB[22m
[2mdist/[22m[36massets/TemplateManagementPage-Bzs7E2tK.js            [39m[1m[2m    48.63 kB[22m[1m[22m[2m 鈹?gzip:  12.65 kB[22m
[2mdist/[22m[36massets/NationalReportPage-B5DIE5CP.js                [39m[1m[2m    48.87 kB[22m[1m[22m[2m 鈹?gzip:  12.19 kB[22m
[2mdist/[22m[36massets/eyePacsMock-C4geXvT-.js                       [39m[1m[2m    50.83 kB[22m[1m[22m[2m 鈹?gzip:  11.78 kB[22m
[2mdist/[22m[36massets/DictionaryPage-JQlHEOJd.js                    [39m[1m[2m    52.48 kB[22m[1m[22m[2m 鈹?gzip:  14.12 kB[22m
[2mdist/[22m[36massets/i18n-vendor-BKEvbXEV.js                       [39m[1m[2m    52.61 kB[22m[1m[22m[2m 鈹?gzip:  16.44 kB[22m
[2mdist/[22m[36massets/index-CNsS5QgF.js                             [39m[1m[2m    53.22 kB[22m[1m[22m[2m 鈹?gzip:  17.00 kB[22m
[2mdist/[22m[36massets/ClinicalDataPage-DkBsG8_5.js                  [39m[1m[2m    54.22 kB[22m[1m[22m[2m 鈹?gzip:  13.21 kB[22m
[2mdist/[22m[36massets/DepartmentPage-ewaunPxX.js                    [39m[1m[2m    55.47 kB[22m[1m[22m[2m 鈹?gzip:  13.20 kB[22m
[2mdist/[22m[36massets/SchedulePage-BRgxBaWQ.js                      [39m[1m[2m    57.67 kB[22m[1m[22m[2m 鈹?gzip:  12.87 kB[22m
[2mdist/[22m[36massets/DataReportCenterPage-dxpfH7ij.js              [39m[1m[2m    59.77 kB[22m[1m[22m[2m 鈹?gzip:  21.87 kB[22m
[2mdist/[22m[36massets/reportSubsystemMock-BkJKvDeO.js               [39m[1m[2m    61.92 kB[22m[1m[22m[2m 鈹?gzip:  12.32 kB[22m
[2mdist/[22m[36massets/TermLibraryPage-DuUNvoGt.js                   [39m[1m[2m    63.59 kB[22m[1m[22m[2m 鈹?gzip:  15.37 kB[22m
[2mdist/[22m[36massets/AppointmentPage-BvObkYWL.js                   [39m[1m[2m    67.28 kB[22m[1m[22m[2m 鈹?gzip:  16.53 kB[22m
[2mdist/[22m[36massets/antd-icons-vendor-DpI0y6Ac.js                 [39m[1m[2m    68.70 kB[22m[1m[22m[2m 鈹?gzip:  16.95 kB[22m
[2mdist/[22m[36massets/TemplateDesignerPage-CVNFPW88.js              [39m[1m[2m    68.83 kB[22m[1m[22m[2m 鈹?gzip:  17.37 kB[22m
[2mdist/[22m[36massets/store-D4rtTmek.js                             [39m[1m[2m    71.00 kB[22m[1m[22m[2m 鈹?gzip:  24.08 kB[22m
[2mdist/[22m[36massets/ResearchPage-D149JbMG.js                      [39m[1m[2m    71.94 kB[22m[1m[22m[2m 鈹?gzip:  14.25 kB[22m
[2mdist/[22m[36massets/ReportPage-DYaZ9p5j.js                        [39m[1m[2m    76.78 kB[22m[1m[22m[2m 鈹?gzip:  20.67 kB[22m
[2mdist/[22m[36massets/TypicalCasesPage-5MCqZidG.js                  [39m[1m[2m    77.54 kB[22m[1m[22m[2m 鈹?gzip:  22.69 kB[22m
[2mdist/[22m[36massets/StatisticsPage-BZ80Jy4b.js                    [39m[1m[2m    78.64 kB[22m[1m[22m[2m 鈹?gzip:  15.62 kB[22m
[2mdist/[22m[36massets/OperationLogPage-Ca1rT1ld.js                  [39m[1m[2m    79.93 kB[22m[1m[22m[2m 鈹?gzip:  18.88 kB[22m
[2mdist/[22m[36massets/CostAnalysisPage-BONxlBrS.js                  [39m[1m[2m    79.99 kB[22m[1m[22m[2m 鈹?gzip:  16.29 kB[22m
[2mdist/[22m[36massets/PrintManagementPage-1JEXdwrG.js               [39m[1m[2m    80.17 kB[22m[1m[22m[2m 鈹?gzip:  16.48 kB[22m
[2mdist/[22m[36massets/rules-vendor-Bmqd4PxT.js                      [39m[1m[2m    80.92 kB[22m[1m[22m[2m 鈹?gzip:  23.48 kB[22m
[2mdist/[22m[36massets/PatientPage-DZQfuwK_.js                       [39m[1m[2m    87.73 kB[22m[1m[22m[2m 鈹?gzip:  18.57 kB[22m
[2mdist/[22m[36massets/collab-vendor-BEY_2IKq.js                     [39m[1m[2m    87.92 kB[22m[1m[22m[2m 鈹?gzip:  26.85 kB[22m
[2mdist/[22m[36massets/WorklistPage-DL97Q8cg.js                      [39m[1m[2m    89.60 kB[22m[1m[22m[2m 鈹?gzip:  21.94 kB[22m
[2mdist/[22m[36massets/DoseTrackPage-rHBBTTfd.js                     [39m[1m[2m    92.98 kB[22m[1m[22m[2m 鈹?gzip:  18.54 kB[22m
[2mdist/[22m[36massets/db-vendor-C-gg_V4f.js                         [39m[1m[2m    94.01 kB[22m[1m[22m[2m 鈹?gzip:  31.39 kB[22m
[2mdist/[22m[36massets/RegionalReportPage-sMaHMnjX.js                [39m[1m[2m    94.39 kB[22m[1m[22m[2m 鈹?gzip:  18.36 kB[22m
[2mdist/[22m[36massets/DevicePage-8YdkWAHd.js                        [39m[1m[2m    94.61 kB[22m[1m[22m[2m 鈹?gzip:  20.42 kB[22m
[2mdist/[22m[36massets/InsuranceAuditPage-DC_kBXN3.js                [39m[1m[2m    98.61 kB[22m[1m[22m[2m 鈹?gzip:  20.61 kB[22m
[2mdist/[22m[36massets/CriticalValuePage-C1RSGeI4.js                 [39m[1m[2m    98.76 kB[22m[1m[22m[2m 鈹?gzip:  22.45 kB[22m
[2mdist/[22m[36massets/DicomViewerPage-BP1HUWYV.js                   [39m[1m[2m   108.05 kB[22m[1m[22m[2m 鈹?gzip:  26.96 kB[22m
[2mdist/[22m[36massets/FindingLibraryPage-BajRFnNn.js                [39m[1m[2m   114.95 kB[22m[1m[22m[2m 鈹?gzip:  41.86 kB[22m
[2mdist/[22m[36massets/ReviewCenterPage-C1dATg6y.js                  [39m[1m[2m   123.81 kB[22m[1m[22m[2m 鈹?gzip:  34.76 kB[22m
[2mdist/[22m[36massets/lucide-vendor-FnMNs24D.js                     [39m[1m[2m   136.63 kB[22m[1m[22m[2m 鈹?gzip:  23.90 kB[22m
[2mdist/[22m[36massets/QCPage-CXCfXEhd.js                            [39m[1m[2m   138.14 kB[22m[1m[22m[2m 鈹?gzip:  25.77 kB[22m
[2mdist/[22m[36massets/ReportExportPage-PWY0OMOP.js                  [39m[1m[2m   140.59 kB[22m[1m[22m[2m 鈹?gzip:  35.47 kB[22m
[2mdist/[22m[36massets/index.es-DqukwSMH.js                          [39m[1m[2m   150.37 kB[22m[1m[22m[2m 鈹?gzip:  51.47 kB[22m
[2mdist/[22m[36massets/QualityControlPage-2RX-Q4AB.js                [39m[1m[2m   162.32 kB[22m[1m[22m[2m 鈹?gzip:  43.84 kB[22m
[2mdist/[22m[36massets/initialData-CTjyweyN.js                       [39m[1m[2m   180.24 kB[22m[1m[22m[2m 鈹?gzip:  27.71 kB[22m
[2mdist/[22m[36massets/react-vendor-QpL_P8OJ.js                      [39m[1m[2m   187.61 kB[22m[1m[22m[2m 鈹?gzip:  61.21 kB[22m
[2mdist/[22m[36massets/html2canvas-vendor-BfxBtG_O.js                [39m[1m[2m   201.41 kB[22m[1m[22m[2m 鈹?gzip:  48.03 kB[22m
[2mdist/[22m[36massets/ReportWritePage-CyKoojqr.js                   [39m[1m[2m   207.18 kB[22m[1m[22m[2m 鈹?gzip:  62.39 kB[22m
[2mdist/[22m[36massets/docx-vendor-BWOJPzVw.js                       [39m[1m[2m   322.66 kB[22m[1m[22m[2m 鈹?gzip:  91.80 kB[22m
[2mdist/[22m[36massets/sentry-vendor-U5dFC_ru.js                     [39m[1m[2m   338.84 kB[22m[1m[22m[2m 鈹?gzip: 113.96 kB[22m
[2mdist/[22m[36massets/utils-vendor-BatLmH0K.js                      [39m[1m[2m   346.51 kB[22m[1m[22m[2m 鈹?gzip: 175.97 kB[22m
[2mdist/[22m[36massets/pdf-vendor-BClkssuc.js                        [39m[1m[2m   389.21 kB[22m[1m[22m[2m 鈹?gzip: 128.47 kB[22m
[2mdist/[22m[36massets/ort.bundle.min-CZdFHQMb.js                    [39m[1m[2m   403.50 kB[22m[1m[22m[2m 鈹?gzip: 110.52 kB[22m
[2mdist/[22m[36massets/recharts-vendor-Bn47zeLh.js                   [39m[1m[2m   495.10 kB[22m[1m[22m[2m 鈹?gzip: 129.49 kB[22m
[2mdist/[22m[36massets/index-DYe9RJ8S.js                             [39m[1m[2m   528.46 kB[22m[1m[22m[2m 鈹?gzip: 179.92 kB[22m
[2mdist/[22m[36massets/worker-CRa15pL7.js                            [39m[1m[33m   697.06 kB[39m[22m[2m 鈹?gzip: 197.76 kB[22m
[2mdist/[22m[36massets/unifiedCriticalValues-BZq17gH_.js             [39m[1m[33m   720.87 kB[39m[22m[2m 鈹?gzip: 117.83 kB[22m
[2mdist/[22m[36massets/three-vendor-D0X4Q_O-.js                      [39m[1m[33m   751.43 kB[39m[22m[2m 鈹?gzip: 193.52 kB[22m
[2mdist/[22m[36massets/exceljs-vendor-C-h6FbPz.js                    [39m[1m[33m   938.05 kB[39m[22m[2m 鈹?gzip: 270.82 kB[22m
[2mdist/[22m[36massets/antd-vendor-Bjp9qMKT.js                       [39m[1m[33m 1,178.19 kB[39m[22m[2m 鈹?gzip: 380.56 kB[22m
[2mdist/[22m[36massets/unifiedFinanceMock-xH7skFAg.js                [39m[1m[33m 2,496.86 kB[39m[22m[2m 鈹?gzip: 334.28 kB[22m
[33m
(!) Some chunks are larger than 600 kB after minification. Consider:
- Using dynamic import() to code-split the application
- Use build.rollupOptions.output.manualChunks to improve chunking: https://rollupjs.org/configuration-options/#output-m
anualchunks
- Adjust chunk size limit for this warning via build.chunkSizeWarningLimit.[39m
[2mdist/[22m[36massets/kpiHistory-_uFlhpMS.js                        [39m[1m[33m 3,074.29 kB[39m[22m[2m 鈹?gzip: 223.36 kB[22m
[2mdist/[22m[36massets/dicom-vendor-B6Wq98er.js                      [39m[1m[33m 3,156.87 kB[39m[22m[2m 鈹?gzip: 867.21 kB[22m
[32m鉁?built in 40.45s[39m
[Build] copied public/mockServiceWorker.js -> dist/mockServiceWorker.js
[Build] copied public/sw.js -> dist/sw.js
[Build] copied 73 locale files -> E:\opencode work\FS 3X\G005-RISv-3.0.0\dist\locales\zh-CN
[Build] copied 73 locale files -> E:\opencode work\FS 3X\G005-RISv-3.0.0\dist\locales\en-US

PWA v1.3.0
mode      generateSW
precache  419 entries (24081.30 KiB)
files generated
  dist/sw.js
  dist/workbox-17b71f1d.js
